1. Node is running
2. fs loaded
3. express loaded
4. axios loaded
[dotenv@17.2.3] injecting env (2) from .env -- tip: ΓÜÖ∩╕Å  specify custom .env file path with { path: '/custom/path/.env' }
5. dotenv loaded
